This is based on siple concept .

Windows PowerShell
Copyright (C) Microsoft Corporation. All rights reserved.

PS F:\SOFTWARE ENGEENERING\WEBTECH\GIT DEMO> git --version
git version 2.38.1.windows.1
PS F:\SOFTWARE ENGEENERING\WEBTECH\GIT DEMO> git status
fatal: not a git repository (or any of the parent directories): .git
PS F:\SOFTWARE ENGEENERING\WEBTECH\GIT DEMO> git clone https://github.com/Pramendra10000/Employee-project.git
Cloning into 'Employee-project'...
remote: Enumerating objects: 57, done.
remote: Counting objects: 100% (57/57), done.
remote: Compressing objects: 100% (36/36), done.
Receiving objects: 100% (57/57), 2.00 MiB | 3.95 MiB/sreused 0
Receiving objects: 100% (57/57), 2.58 MiB | 3.40 MiB/s, done.
Resolving deltas: 100% (7/7), done.
PS F:\SOFTWARE ENGEENERING\WEBTECH\GIT DEMO> cd .\Employee-project\

PS F:\SOFTWARE ENGEENERING\WEBTECH\GIT DEMO\Employee-project> ls


    Directory: F:\SOFTWARE ENGEENERING\WEBTECH\GIT DEMO\Employee-project


Mode                LastWriteTime         Length Name
----                -------------         ------ ----
-a----       14-02-2024  08:40 PM            444 README.md


PS F:\SOFTWARE ENGEENERING\WEBTECH\GIT DEMO\Employee-project> git status
On branch main
Your branch is up to date with 'origin/main'.

nothing to commit, working tree clean
PS F:\SOFTWARE ENGEENERING\WEBTECH\GIT DEMO\Employee-project> ls -a
Get-ChildItem : Parameter cannot be processed because the parameter name 'a' is ambiguous. Possible matches include: -Attributes 
-Directory -File -Hidden -ReadOnly -System.
At line:1 char:4
+ ls -a
+    ~~
    + CategoryInfo          : InvalidArgument: (:) [Get-ChildItem], ParameterBindingException
    + FullyQualifiedErrorId : AmbiguousParameter,Microsoft.PowerShell.Commands.GetChildItemCommand

PS F:\SOFTWARE ENGEENERING\WEBTECH\GIT DEMO\Employee-project> ls


    Directory: F:\SOFTWARE ENGEENERING\WEBTECH\GIT DEMO\Employee-project


Mode                LastWriteTime         Length Name
----                -------------         ------ ----
-a----       14-02-2024  08:40 PM            444 README.md


PS F:\SOFTWARE ENGEENERING\WEBTECH\GIT DEMO\Employee-project> git status
On branch main
Your branch is up to date with 'origin/main'.

Changes not staged for commit:
  (use "git add <file>..." to update what will be committed)
  (use "git restore <file>..." to discard changes in working directory)
        modified:   README.md

no changes added to commit (use "git add" and/or "git commit -a")
PS F:\SOFTWARE ENGEENERING\WEBTECH\GIT DEMO\Employee-project> git status
On branch main
Your branch is up to date with 'origin/main'.

Changes not staged for commit:
  (use "git add <file>..." to update what will be committed)
  (use "git restore <file>..." to discard changes in working directory)
        modified:   README.md

Untracked files:
  (use "git add <file>..." to include in what will be committed)
        Imp.txt

no changes added to commit (use "git add" and/or "git commit -a")
PS F:\SOFTWARE ENGEENERING\WEBTECH\GIT DEMO\Employee-project> git add Imp.txt
PS F:\SOFTWARE ENGEENERING\WEBTECH\GIT DEMO\Employee-project> git status
On branch main
Your branch is up to date with 'origin/main'.

Changes to be committed:
  (use "git restore --staged <file>..." to unstage)
        new file:   Imp.txt

Changes not staged for commit:
  (use "git add <file>..." to update what will be committed)
  (use "git restore <file>..." to discard changes in working directory)
        modified:   README.md

PS F:\SOFTWARE ENGEENERING\WEBTECH\GIT DEMO\Employee-project> git add .
PS F:\SOFTWARE ENGEENERING\WEBTECH\GIT DEMO\Employee-project> git status
On branch main
Your branch is up to date with 'origin/main'.

Changes to be committed:
  (use "git restore --staged <file>..." to unstage)
        new file:   Imp.txt
        modified:   README.md

PS F:\SOFTWARE ENGEENERING\WEBTECH\GIT DEMO\Employee-project> git commit -m "git practice"
[main 13d56a3] git practice
 2 files changed, 3 insertions(+)
 create mode 100644 Imp.txt
PS F:\SOFTWARE ENGEENERING\WEBTECH\GIT DEMO\Employee-project> git status
On branch main
Your branch is ahead of 'origin/main' by 1 commit.
  (use "git push" to publish your local commits)


nothing to commit, working tree clean
PS F:\SOFTWARE ENGEENERING\WEBTECH\GIT DEMO\Employee-project> git push origin main
info: please complete authentication in your browser...
Enumerating objects: 6, done.
Counting objects: 100% (6/6), done.
Delta compression using up to 2 threads
Compressing objects: 100% (3/3), done.
Writing objects: 100% (4/4), 369 bytes | 184.00 KiB/s, done.
Total 4 (delta 1), reused 0 (delta 0), pack-reused 0
remote: Resolving deltas: 100% (1/1), completed with 1 local object.
To https://github.com/Pramendra10000/Employee-project.git
   6e8703a..13d56a3  main -> main
PS F:\SOFTWARE ENGEENERING\WEBTECH\GIT DEMO\Employee-project> git status
On branch main
Your branch is up to date with 'origin/main'.

nothing to commit, working tree clean
PS F:\SOFTWARE ENGEENERING\WEBTECH\GIT DEMO\Employee-project>